[hierarchical] pref_003.c20
  [key 2/2] rate-limited, rotating
  [key 2/2] rate-limited, rotating
  [key 2/2] rate-limited, rotating
  [key 2/2] rate-limited, rotating
  [key 2/2] rate-limited, rotating
  [key 2/2] rate-limited, rotating
  [key 2/2] rate-limited, rotating
  [key 2/2] rate-limited, rotating
  [key 2/2] rate-limited, rotating
  [key 2/2] rate-limited, rotating
  [key 2/2] rate-limited, rotating
  [key 2/2] rate-limited, rotating
  [key 2/2] rate-limited, rotating
  [key 2/2] rate-limited, rotating
  [key 2/2] rate-limited, rotating
  [key 2/2] rate-limited, rotating
  [key 2/2] rate-limited, rotating
  [key 2/2] rate-limited, rotating
  [key 2/2] rate-limited, rotating
  [key 2/2] rate-limited, rotating
  [key 2/2] rate-limited, rotating
  [key 2/2] rate-limited, rotating
  [key 2/2] rate-limited, rotating
  [key 2/2] rate-limited, rotating
  [key 2/2] rate-limited, rotating
  [key 2/2] rate-limited, rotating
  [key 2/2] rate-limited, rotating
[sliding] cert_001.c0
[hierarchical] cert_001.c0
  [key 2/2] rate-limited, rotating
  [key 2/2] rate-limited, rotating
  [key 2/2] rate-limited, rotating
  [key 2/2] rate-limited, rotating
  [key 2/2] rate-limited, rotating
  [key 2/2] rate-limited, rotating
  [key 2/2] rate-limited, rotating
  [key 2/2] rate-limited, rotating
  [key 2/2] rate-limited, rotating
  [key 2/2] rate-limited, rotating
  [key 2/2] rate-limited, rotating
  [key 2/2] rate-limited, rotating
  [key 2/2] rate-limited, rotating
  [key 2/2] rate-limited, rotating
  [key 2/2] rate-limited, rotating
  [key 2/2] rate-limited, rotating
  [key 2/2] rate-limited, rotating
  [key 2/2] rate-limited, rotating
  [key 2/2] rate-limited, rotating
  [key 2/2] rate-limited, rotating
  [key 2/2] rate-limited, rotating
  [key 2/2] rate-limited, rotating
  [key 2/2] rate-limited, rotating
  [key 2/2] rate-limited, rotating
  [key 2/2] rate-limited, rotating
  [key 2/2] rate-limited, rotating
  [key 2/2] rate-limited, rotating
  [key 2/2] rate-limited, rotating
[sliding] cert_001.c8
  [key 2/2] rate-limited, rotating
[hierarchical] cert_001.c8
  [key 2/2] rate-limited, rotating
  [key 2/2] rate-limited, rotating
  [key 2/2] rate-limited, rotating
  [key 2/2] rate-limited, rotating
  [key 2/2] rate-limited, rotating
  [key 2/2] rate-limited, rotating
  [key 2/2] rate-limited, rotating
  [key 2/2] rate-limited, rotating
  [key 2/2] rate-limited, rotating
  [key 2/2] rate-limited, rotating
  [key 2/2] rate-limited, rotating
  [key 2/2] rate-limited, rotating
  [key 2/2] rate-limited, rotating
  [key 2/2] rate-limited, rotating
  [key 2/2] rate-limited, rotating
  [key 2/2] rate-limited, rotating
  [key 2/2] rate-limited, rotating
  [key 2/2] rate-limited, rotating
  [key 2/2] rate-limited, rotating
  [key 2/2] rate-limited, rotating
  [key 2/2] rate-limited, rotating
  [key 2/2] rate-limited, rotating
  [key 2/2] rate-limited, rotating
  [key 2/2] rate-limited, rotating
  [key 2/2] rate-limited, rotating
  [key 2/2] rate-limited, rotating
  [key 2/2] rate-limited, rotating
  [key 2/2] rate-limited, rotating
  [key 2/2] rate-limited, rotating
  [key 2/2] rate-limited, rotating
  [key 2/2] rate-limited, rotating
[sliding] cert_001.c20
  [key 2/2] rate-limited, rotating
[hierarchical] cert_001.c20
  [key 2/2] rate-limited, rotating
  [key 2/2] rate-limited, rotating
  [key 2/2] rate-limited, rotating
  [key 2/2] rate-limited, rotating
  [key 2/2] rate-limited, rotating
  [key 2/2] rate-limited, rotating
  [key 2/2] rate-limited, rotating
  [key 2/2] rate-limited, rotating
  [key 2/2] rate-limited, rotating
  [key 2/2] rate-limited, rotating
  [key 2/2] rate-limited, rotating
  [key 2/2] rate-limited, rotating
  [key 2/2] rate-limited, rotating
  [key 2/2] rate-limited, rotating
  [key 2/2] rate-limited, rotating
  [key 2/2] rate-limited, rotating
  [key 2/2] rate-limited, rotating
  [key 2/2] rate-limited, rotating
  [key 2/2] rate-limited, rotating
  [key 2/2] rate-limited, rotating
  [key 2/2] rate-limited, rotating
  [key 2/2] rate-limited, rotating
  [key 2/2] rate-limited, rotating
  [key 2/2] rate-limited, rotating
  [key 2/2] rate-limited, rotating
  [key 2/2] rate-limited, rotating
  [key 2/2] rate-limited, rotating
  [key 2/2] rate-limited, rotating
  [key 2/2] rate-limited, rotating
  [key 2/2] rate-limited, rotating
  [key 2/2] rate-limited, rotating
  [key 2/2] rate-limited, rotating
  [key 2/2] rate-limited, rotating
[sliding] cert_002.c0
[hierarchical] cert_002.c0
  [key 2/2] rate-limited, rotating
  [key 2/2] rate-limited, rotating
  [key 2/2] rate-limited, rotating
  [key 2/2] rate-limited, rotating
  [key 2/2] rate-limited, rotating
  [key 2/2] rate-limited, rotating
  [key 2/2] rate-limited, rotating
  [key 2/2] rate-limited, rotating
  [key 2/2] rate-limited, rotating
  [key 2/2] rate-limited, rotating
  [key 2/2] rate-limited, rotating
  [key 2/2] rate-limited, rotating
  [key 2/2] rate-limited, rotating
  [key 2/2] rate-limited, rotating
  [key 2/2] rate-limited, rotating
  [key 2/2] rate-limited, rotating
  [key 2/2] rate-limited, rotating
  [key 2/2] rate-limited, rotating
  [key 2/2] rate-limited, rotating
  [key 2/2] rate-limited, rotating
  [key 2/2] rate-limited, rotating
  [key 2/2] rate-limited, rotating
  [key 2/2] rate-limited, rotating
  [key 2/2] rate-limited, rotating
  [key 2/2] rate-limited, rotating
  [key 2/2] rate-limited, rotating
  [key 2/2] rate-limited, rotating
  [key 2/2] rate-limited, rotating
[sliding] cert_002.c8
  [key 2/2] rate-limited, rotating
[hierarchical] cert_002.c8
  [key 2/2] rate-limited, rotating
  [key 2/2] rate-limited, rotating
  [key 2/2] rate-limited, rotating
  [key 2/2] rate-limited, rotating
  [key 2/2] rate-limited, rotating
  [key 2/2] rate-limited, rotating
  [key 2/2] rate-limited, rotating
  [key 2/2] rate-limited, rotating
  [key 2/2] rate-limited, rotating
  [key 2/2] rate-limited, rotating
  [key 2/2] rate-limited, rotating
  [key 2/2] rate-limited, rotating
  [key 2/2] rate-limited, rotating
  [key 2/2] rate-limited, rotating
  [key 2/2] rate-limited, rotating
  [key 2/2] rate-limited, rotating
  [key 2/2] rate-limited, rotating
  [key 2/2] rate-limited, rotating
  [key 2/2] rate-limited, rotating
  [key 2/2] rate-limited, rotating
  [key 2/2] rate-limited, rotating
  [key 2/2] rate-limited, rotating
  [key 2/2] rate-limited, rotating
  [key 2/2] rate-limited, rotating
  [key 2/2] rate-limited, rotating
  [key 2/2] rate-limited, rotating
  [key 2/2] rate-limited, rotating
[sliding] cert_002.c20
  [key 2/2] rate-limited, rotating
[hierarchical] cert_002.c20
  [key 2/2] rate-limited, rotating
  [key 2/2] rate-limited, rotating
  [key 2/2] rate-limited, rotating
  [key 2/2] rate-limited, rotating
  [key 2/2] rate-limited, rotating
  [key 2/2] rate-limited, rotating
  [key 2/2] rate-limited, rotating
  [key 2/2] rate-limited, rotating
  [key 2/2] rate-limited, rotating
  [key 2/2] rate-limited, rotating
  [key 2/2] rate-limited, rotating
  [key 2/2] rate-limited, rotating
  [key 2/2] rate-limited, rotating
  [key 2/2] rate-limited, rotating
  [key 2/2] rate-limited, rotating
  [key 2/2] rate-limited, rotating
  [key 2/2] rate-limited, rotating
  [key 2/2] rate-limited, rotating
  [key 2/2] rate-limited, rotating
  [key 2/2] rate-limited, rotating
  [key 2/2] rate-limited, rotating
  [key 2/2] rate-limited, rotating
  [key 2/2] rate-limited, rotating
  [key 2/2] rate-limited, rotating
  [key 2/2] rate-limited, rotating
  [key 2/2] rate-limited, rotating
  [key 2/2] rate-limited, rotating
  [key 2/2] rate-limited, rotating
  [key 2/2] rate-limited, rotating
  [key 2/2] rate-limited, rotating
[sliding] cert_003.c0
[hierarchical] cert_003.c0
  [key 2/2] rate-limited, rotating
  [key 2/2] rate-limited, rotating
  [key 2/2] rate-limited, rotating
  [key 2/2] rate-limited, rotating
  [key 2/2] rate-limited, rotating
  [key 2/2] rate-limited, rotating
  [key 2/2] rate-limited, rotating
  [key 2/2] rate-limited, rotating
  [key 2/2] rate-limited, rotating
  [key 2/2] rate-limited, rotating
  [key 2/2] rate-limited, rotating
  [key 2/2] rate-limited, rotating
  [key 2/2] rate-limited, rotating
  [key 2/2] rate-limited, rotating
  [key 2/2] rate-limited, rotating
  [key 2/2] rate-limited, rotating
  [key 2/2] rate-limited, rotating
  [key 2/2] rate-limited, rotating
  [key 2/2] rate-limited, rotating
  [key 2/2] rate-limited, rotating
  [key 2/2] rate-limited, rotating
  [key 2/2] rate-limited, rotating
  [key 2/2] rate-limited, rotating
  [key 2/2] rate-limited, rotating
  [key 2/2] rate-limited, rotating
  [key 2/2] rate-limited, rotating
  [key 2/2] rate-limited, rotating
  [key 2/2] rate-limited, rotating
  [key 2/2] rate-limited, rotating
[sliding] cert_003.c8
  [key 2/2] rate-limited, rotating
[hierarchical] cert_003.c8
  [key 2/2] rate-limited, rotating
  [key 2/2] rate-limited, rotating
  [key 2/2] rate-limited, rotating
  [key 2/2] rate-limited, rotating
  [key 2/2] rate-limited, rotating
  [key 2/2] rate-limited, rotating
  [key 2/2] rate-limited, rotating
  [key 2/2] rate-limited, rotating
  [key 2/2] rate-limited, rotating
  [key 2/2] rate-limited, rotating
  [key 2/2] rate-limited, rotating
  [key 2/2] rate-limited, rotating
  [key 2/2] rate-limited, rotating
  [key 2/2] rate-limited, rotating
  [key 2/2] rate-limited, rotating
  [key 2/2] rate-limited, rotating
  [key 2/2] rate-limited, rotating
  [key 2/2] rate-limited, rotating
  [key 2/2] rate-limited, rotating
  [key 2/2] rate-limited, rotating
  [key 2/2] rate-limited, rotating
  [key 2/2] rate-limited, rotating
  [key 2/2] rate-limited, rotating
  [key 2/2] rate-limited, rotating
  [key 2/2] rate-limited, rotating
  [key 2/2] rate-limited, rotating
  [key 2/2] rate-limited, rotating
  [key 2/2] rate-limited, rotating
  [key 2/2] rate-limited, rotating
  [key 2/2] rate-limited, rotating
[sliding] cert_003.c20
  [key 2/2] rate-limited, rotating
[hierarchical] cert_003.c20
  [key 2/2] rate-limited, rotating
  [key 2/2] rate-limited, rotating
  [key 2/2] rate-limited, rotating
  [key 2/2] rate-limited, rotating
  [key 2/2] rate-limited, rotating
  [key 2/2] rate-limited, rotating
  [key 2/2] rate-limited, rotating
  [key 2/2] rate-limited, rotating
  [key 2/2] rate-limited, rotating
  [key 2/2] rate-limited, rotating
  [key 2/2] rate-limited, rotating
  [key 2/2] rate-limited, rotating
  [key 2/2] rate-limited, rotating
  [key 2/2] rate-limited, rotating
  [key 2/2] rate-limited, rotating
  [key 2/2] rate-limited, rotating
  [key 2/2] rate-limited, rotating
  [key 2/2] rate-limited, rotating
  [key 2/2] rate-limited, rotating
  [key 2/2] rate-limited, rotating
  [key 2/2] rate-limited, rotating
  [key 2/2] rate-limited, rotating
  [key 2/2] rate-limited, rotating
  [key 2/2] rate-limited, rotating
  [key 2/2] rate-limited, rotating
  [key 2/2] rate-limited, rotating
  [key 2/2] rate-limited, rotating
  [key 2/2] rate-limited, rotating
  [key 2/2] rate-limited, rotating
  [key 2/2] rate-limited, rotating
  [key 2/2] rate-limited, rotating
  [key 2/2] rate-limited, rotating
[sliding] obl_001.c0
[hierarchical] obl_001.c0
  [key 2/2] rate-limited, rotating
  [key 2/2] rate-limited, rotating
  [key 2/2] rate-limited, rotating
  [key 2/2] rate-limited, rotating
  [key 2/2] rate-limited, rotating
  [key 2/2] rate-limited, rotating
  [key 2/2] rate-limited, rotating
  [key 2/2] rate-limited, rotating
  [key 2/2] rate-limited, rotating
  [key 2/2] rate-limited, rotating
  [key 2/2] rate-limited, rotating
  [key 2/2] rate-limited, rotating
  [key 2/2] rate-limited, rotating
  [key 2/2] rate-limited, rotating
  [key 2/2] rate-limited, rotating
  [key 2/2] rate-limited, rotating
  [key 2/2] rate-limited, rotating
  [key 2/2] rate-limited, rotating
  [key 2/2] rate-limited, rotating
  [key 2/2] rate-limited, rotating
  [key 2/2] rate-limited, rotating
  [key 2/2] rate-limited, rotating
  [key 2/2] rate-limited, rotating
  [key 2/2] rate-limited, rotating
  [key 2/2] rate-limited, rotating
  [key 2/2] rate-limited, rotating
  [key 2/2] rate-limited, rotating
  [key 2/2] rate-limited, rotating
[sliding] obl_001.c8
  [key 2/2] rate-limited, rotating
[hierarchical] obl_001.c8
  [key 2/2] rate-limited, rotating
  [key 2/2] rate-limited, rotating
  [key 2/2] rate-limited, rotating
  [key 2/2] rate-limited, rotating
  [key 2/2] rate-limited, rotating
  [key 2/2] rate-limited, rotating
  [key 2/2] rate-limited, rotating
  [key 2/2] rate-limited, rotating
  [key 2/2] rate-limited, rotating
  [key 2/2] rate-limited, rotating
  [key 2/2] rate-limited, rotating
  [key 2/2] rate-limited, rotating
  [key 2/2] rate-limited, rotating
  [key 2/2] rate-limited, rotating
  [key 2/2] rate-limited, rotating
  [key 2/2] rate-limited, rotating
  [key 2/2] rate-limited, rotating
  [key 2/2] rate-limited, rotating
  [key 2/2] rate-limited, rotating
  [key 2/2] rate-limited, rotating
  [key 2/2] rate-limited, rotating
  [key 2/2] rate-limited, rotating
  [key 2/2] rate-limited, rotating
  [key 2/2] rate-limited, rotating
  [key 2/2] rate-limited, rotating
  [key 2/2] rate-limited, rotating
  [key 2/2] rate-limited, rotating
  [key 2/2] rate-limited, rotating
  [key 2/2] rate-limited, rotating
  [key 2/2] rate-limited, rotating
  [key 2/2] rate-limited, rotating
  [key 2/2] rate-limited, rotating
  [key 2/2] rate-limited, rotating
  [key 2/2] rate-limited, rotating
  [key 2/2] rate-limited, rotating
  [key 2/2] rate-limited, rotating
  [key 2/2] rate-limited, rotating
  [key 2/2] rate-limited, rotating
[sliding] obl_001.c20
  [key 2/2] rate-limited, rotating
[hierarchical] obl_001.c20
  [key 2/2] rate-limited, rotating
  [key 2/2] rate-limited, rotating
  [key 2/2] rate-limited, rotating
  [key 2/2] rate-limited, rotating
  [key 2/2] rate-limited, rotating
  [key 2/2] rate-limited, rotating
  [key 2/2] rate-limited, rotating
  [key 2/2] rate-limited, rotating
  [key 2/2] rate-limited, rotating
  [key 2/2] rate-limited, rotating
  [key 2/2] rate-limited, rotating
  [key 2/2] rate-limited, rotating
  [key 2/2] rate-limited, rotating
  [key 2/2] rate-limited, rotating
  [key 2/2] rate-limited, rotating
  [key 2/2] rate-limited, rotating
  [key 2/2] rate-limited, rotating
  [key 2/2] rate-limited, rotating
  [key 2/2] rate-limited, rotating
  [key 2/2] rate-limited, rotating
  [key 2/2] rate-limited, rotating
  [key 2/2] rate-limited, rotating
  [key 2/2] rate-limited, rotating
  [key 2/2] rate-limited, rotating
  [key 2/2] rate-limited, rotating
  [key 2/2] rate-limited, rotating
  [key 2/2] rate-limited, rotating
  [key 2/2] rate-limited, rotating
  [key 2/2] rate-limited, rotating
  [key 2/2] rate-limited, rotating
  [key 2/2] rate-limited, rotating
  [key 2/2] rate-limited, rotating
[sliding] obl_002.c0
[hierarchical] obl_002.c0
  [key 2/2] rate-limited, rotating
  [key 2/2] rate-limited, rotating
  [key 2/2] rate-limited, rotating
  [key 2/2] rate-limited, rotating
  [key 2/2] rate-limited, rotating
  [key 2/2] rate-limited, rotating
  [key 2/2] rate-limited, rotating
  [key 2/2] rate-limited, rotating
  [key 2/2] rate-limited, rotating
  [key 2/2] rate-limited, rotating
  [key 2/2] rate-limited, rotating
  [key 2/2] rate-limited, rotating
  [key 2/2] rate-limited, rotating
  [key 2/2] rate-limited, rotating
  [key 2/2] rate-limited, rotating
  [key 2/2] rate-limited, rotating
  [key 2/2] rate-limited, rotating
  [key 2/2] rate-limited, rotating
  [key 2/2] rate-limited, rotating
  [key 2/2] rate-limited, rotating
  [key 2/2] rate-limited, rotating
  [key 2/2] rate-limited, rotating
  [key 2/2] rate-limited, rotating
  [key 2/2] rate-limited, rotating
  [key 2/2] rate-limited, rotating
  [key 2/2] rate-limited, rotating
  [key 2/2] rate-limited, rotating
  [key 2/2] rate-limited, rotating
[sliding] obl_002.c8
  [key 2/2] rate-limited, rotating
[hierarchical] obl_002.c8
  [key 2/2] rate-limited, rotating
  [key 2/2] rate-limited, rotating
  [key 2/2] rate-limited, rotating
  [key 2/2] rate-limited, rotating
  [key 2/2] rate-limited, rotating
  [key 2/2] rate-limited, rotating
  [key 2/2] rate-limited, rotating
  [key 2/2] rate-limited, rotating
  [key 2/2] rate-limited, rotating
  [key 2/2] rate-limited, rotating
  [key 2/2] rate-limited, rotating
  [key 2/2] rate-limited, rotating
  [key 2/2] rate-limited, rotating
  [key 2/2] rate-limited, rotating
  [key 2/2] rate-limited, rotating
  [key 2/2] rate-limited, rotating
  [key 2/2] rate-limited, rotating
  [key 2/2] rate-limited, rotating
  [key 2/2] rate-limited, rotating
  [key 2/2] rate-limited, rotating
  [key 2/2] rate-limited, rotating
  [key 2/2] rate-limited, rotating
  [key 2/2] rate-limited, rotating
  [key 2/2] rate-limited, rotating
  [key 2/2] rate-limited, rotating
  [key 2/2] rate-limited, rotating
  [key 2/2] rate-limited, rotating
  [key 2/2] rate-limited, rotating
  [key 2/2] rate-limited, rotating
  [key 2/2] rate-limited, rotating
  [key 2/2] rate-limited, rotating
  [key 2/2] rate-limited, rotating
[sliding] obl_002.c20
  [key 2/2] rate-limited, rotating
[hierarchical] obl_002.c20
  [key 2/2] rate-limited, rotating
  [key 2/2] rate-limited, rotating
  [key 2/2] rate-limited, rotating
  [key 2/2] rate-limited, rotating
  [key 2/2] rate-limited, rotating
  [key 2/2] rate-limited, rotating
  [key 2/2] rate-limited, rotating
  [key 2/2] rate-limited, rotating
  [key 2/2] rate-limited, rotating
  [key 2/2] rate-limited, rotating
  [key 2/2] rate-limited, rotating
  [key 2/2] rate-limited, rotating
  [key 2/2] rate-limited, rotating
  [key 2/2] rate-limited, rotating
  [key 2/2] rate-limited, rotating
  [key 2/2] rate-limited, rotating
  [key 2/2] rate-limited, rotating
  [key 2/2] rate-limited, rotating
  [key 2/2] rate-limited, rotating
  [key 2/2] rate-limited, rotating
  [key 2/2] rate-limited, rotating
  [key 2/2] rate-limited, rotating
  [key 2/2] rate-limited, rotating
  [key 2/2] rate-limited, rotating
  [key 2/2] rate-limited, rotating
  [key 2/2] rate-limited, rotating
  [key 2/2] rate-limited, rotating
  [key 2/2] rate-limited, rotating
  [key 2/2] rate-limited, rotating
  [key 2/2] rate-limited, rotating
  [key 2/2] rate-limited, rotating
  [key 2/2] rate-limited, rotating
[sliding] obl_003.c0
[hierarchical] obl_003.c0
  [key 2/2] rate-limited, rotating
  [key 2/2] rate-limited, rotating
  [key 2/2] rate-limited, rotating
  [key 2/2] rate-limited, rotating
  [key 2/2] rate-limited, rotating
  [key 2/2] rate-limited, rotating
  [key 2/2] rate-limited, rotating
  [key 2/2] rate-limited, rotating
  [key 2/2] rate-limited, rotating
  [key 2/2] rate-limited, rotating
  [key 2/2] rate-limited, rotating
  [key 2/2] rate-limited, rotating
  [key 2/2] rate-limited, rotating
  [key 2/2] rate-limited, rotating
  [key 2/2] rate-limited, rotating
  [key 2/2] rate-limited, rotating
  [key 2/2] rate-limited, rotating
  [key 2/2] rate-limited, rotating
  [key 2/2] rate-limited, rotating
  [key 2/2] rate-limited, rotating
  [key 2/2] rate-limited, rotating
  [key 2/2] rate-limited, rotating
  [key 2/2] rate-limited, rotating
  [key 2/2] rate-limited, rotating
  [key 2/2] rate-limited, rotating
  [key 2/2] rate-limited, rotating
  [key 2/2] rate-limited, rotating
  [key 2/2] rate-limited, rotating
[sliding] obl_003.c8
  [key 2/2] rate-limited, rotating
[hierarchical] obl_003.c8
  [key 2/2] rate-limited, rotating
  [key 2/2] rate-limited, rotating
  [key 2/2] rate-limited, rotating
  [key 2/2] rate-limited, rotating
  [key 2/2] rate-limited, rotating
  [key 2/2] rate-limited, rotating
  [key 2/2] rate-limited, rotating
  [key 2/2] rate-limited, rotating
  [key 2/2] rate-limited, rotating
  [key 2/2] rate-limited, rotating
  [key 2/2] rate-limited, rotating
  [key 2/2] rate-limited, rotating
  [key 2/2] rate-limited, rotating
  [key 2/2] rate-limited, rotating
  [key 2/2] rate-limited, rotating
  [key 2/2] rate-limited, rotating
  [key 2/2] rate-limited, rotating
  [key 2/2] rate-limited, rotating
  [key 2/2] rate-limited, rotating
  [key 2/2] rate-limited, rotating
  [key 2/2] rate-limited, rotating
  [key 2/2] rate-limited, rotating
  [key 2/2] rate-limited, rotating
  [key 2/2] rate-limited, rotating
  [key 2/2] rate-limited, rotating
  [key 2/2] rate-limited, rotating
  [key 2/2] rate-limited, rotating
  [key 2/2] rate-limited, rotating
  [key 2/2] rate-limited, rotating
  [key 2/2] rate-limited, rotating
  [key 2/2] rate-limited, rotating
  [key 2/2] rate-limited, rotating
  [key 2/2] rate-limited, rotating
[sliding] obl_003.c20
  [key 2/2] rate-limited, rotating
[hierarchical] obl_003.c20
  [key 2/2] rate-limited, rotating
  [key 2/2] rate-limited, rotating
  [key 2/2] rate-limited, rotating
  [key 2/2] rate-limited, rotating
  [key 2/2] rate-limited, rotating
  [key 2/2] rate-limited, rotating
  [key 2/2] rate-limited, rotating
  [key 2/2] rate-limited, rotating
  [key 2/2] rate-limited, rotating
  [key 2/2] rate-limited, rotating
  [key 2/2] rate-limited, rotating
  [key 2/2] rate-limited, rotating
  [key 2/2] rate-limited, rotating
  [key 2/2] rate-limited, rotating
  [key 2/2] rate-limited, rotating
  [key 2/2] rate-limited, rotating
  [key 2/2] rate-limited, rotating
  [key 2/2] rate-limited, rotating
  [key 2/2] rate-limited, rotating
  [key 2/2] rate-limited, rotating
  [key 2/2] rate-limited, rotating
  [key 2/2] rate-limited, rotating
  [key 2/2] rate-limited, rotating
  [key 2/2] rate-limited, rotating
  [key 2/2] rate-limited, rotating
  [key 2/2] rate-limited, rotating
  [key 2/2] rate-limited, rotating
  [key 2/2] rate-limited, rotating
  [key 2/2] rate-limited, rotating
  [key 2/2] rate-limited, rotating
  [key 2/2] rate-limited, rotating
  [key 2/2] rate-limited, rotating
  [key 2/2] rate-limited, rotating
[sliding] num_001.c0
[hierarchical] num_001.c0
  [key 2/2] rate-limited, rotating
  [key 2/2] rate-limited, rotating
  [key 2/2] rate-limited, rotating
  [key 2/2] rate-limited, rotating
  [key 2/2] rate-limited, rotating
  [key 2/2] rate-limited, rotating
  [key 2/2] rate-limited, rotating
  [key 2/2] rate-limited, rotating
  [key 2/2] rate-limited, rotating
  [key 2/2] rate-limited, rotating
  [key 2/2] rate-limited, rotating
  [key 2/2] rate-limited, rotating
  [key 2/2] rate-limited, rotating
  [key 2/2] rate-limited, rotating
  [key 2/2] rate-limited, rotating
  [key 2/2] rate-limited, rotating
  [key 2/2] rate-limited, rotating
  [key 2/2] rate-limited, rotating
  [key 2/2] rate-limited, rotating
  [key 2/2] rate-limited, rotating
  [key 2/2] rate-limited, rotating
  [key 2/2] rate-limited, rotating
  [key 2/2] rate-limited, rotating
  [key 2/2] rate-limited, rotating
  [key 2/2] rate-limited, rotating
  [key 2/2] rate-limited, rotating
  [key 2/2] rate-limited, rotating
[sliding] num_001.c8
  [key 2/2] rate-limited, rotating
[hierarchical] num_001.c8
  [key 2/2] rate-limited, rotating
  [key 2/2] rate-limited, rotating
  [key 2/2] rate-limited, rotating
  [key 2/2] rate-limited, rotating
  [key 2/2] rate-limited, rotating
  [key 2/2] rate-limited, rotating
  [key 2/2] rate-limited, rotating
  [key 2/2] rate-limited, rotating
  [key 2/2] rate-limited, rotating
  [key 2/2] rate-limited, rotating
  [key 2/2] rate-limited, rotating
  [key 2/2] rate-limited, rotating
  [key 2/2] rate-limited, rotating
  [key 2/2] rate-limited, rotating
  [key 2/2] rate-limited, rotating
  [key 2/2] rate-limited, rotating
  [key 2/2] rate-limited, rotating
  [key 2/2] rate-limited, rotating
  [key 2/2] rate-limited, rotating
  [key 2/2] rate-limited, rotating
  [key 2/2] rate-limited, rotating
  [key 2/2] rate-limited, rotating
  [key 2/2] rate-limited, rotating
  [key 2/2] rate-limited, rotating
  [key 2/2] rate-limited, rotating
  [key 2/2] rate-limited, rotating
  [key 2/2] rate-limited, rotating
  [key 2/2] rate-limited, rotating
  [key 2/2] rate-limited, rotating
  [key 2/2] rate-limited, rotating
  [key 2/2] rate-limited, rotating
  [key 2/2] rate-limited, rotating
  [key 2/2] rate-limited, rotating
[sliding] num_001.c20
  [key 2/2] rate-limited, rotating
[hierarchical] num_001.c20
  [key 2/2] rate-limited, rotating
  [key 2/2] rate-limited, rotating
  [key 2/2] rate-limited, rotating
  [key 2/2] rate-limited, rotating
  [key 2/2] rate-limited, rotating
  [key 2/2] rate-limited, rotating
  [key 2/2] rate-limited, rotating
  [key 2/2] rate-limited, rotating
  [key 2/2] rate-limited, rotating
  [key 2/2] rate-limited, rotating
  [key 2/2] rate-limited, rotating
  [key 2/2] rate-limited, rotating
  [key 2/2] rate-limited, rotating
  [key 2/2] rate-limited, rotating
  [key 2/2] rate-limited, rotating
  [key 2/2] rate-limited, rotating
  [key 2/2] rate-limited, rotating
  [key 2/2] rate-limited, rotating
  [key 2/2] rate-limited, rotating
  [key 2/2] rate-limited, rotating
  [key 2/2] rate-limited, rotating
  [key 2/2] rate-limited, rotating
  [key 2/2] rate-limited, rotating
  [key 2/2] rate-limited, rotating
  [key 2/2] rate-limited, rotating
  [key 2/2] rate-limited, rotating
  [key 2/2] rate-limited, rotating
  [key 2/2] rate-limited, rotating
  [key 2/2] rate-limited, rotating
  [key 2/2] rate-limited, rotating
  [key 2/2] rate-limited, rotating
  [key 2/2] rate-limited, rotating
[sliding] num_003.c0
[hierarchical] num_003.c0
  [key 2/2] rate-limited, rotating
  [key 2/2] rate-limited, rotating
  [key 2/2] rate-limited, rotating
  [key 2/2] rate-limited, rotating
  [key 2/2] rate-limited, rotating
  [key 2/2] rate-limited, rotating
  [key 2/2] rate-limited, rotating
  [key 2/2] rate-limited, rotating
  [key 2/2] rate-limited, rotating
  [key 2/2] rate-limited, rotating
  [key 2/2] rate-limited, rotating
  [key 2/2] rate-limited, rotating
  [key 2/2] rate-limited, rotating
  [key 2/2] rate-limited, rotating
  [key 2/2] rate-limited, rotating
  [key 2/2] rate-limited, rotating
  [key 2/2] rate-limited, rotating
  [key 2/2] rate-limited, rotating
  [key 2/2] rate-limited, rotating
  [key 2/2] rate-limited, rotating
  [key 2/2] rate-limited, rotating
  [key 2/2] rate-limited, rotating
  [key 2/2] rate-limited, rotating
  [key 2/2] rate-limited, rotating
  [key 2/2] rate-limited, rotating
  [key 2/2] rate-limited, rotating
  [key 2/2] rate-limited, rotating
[sliding] num_003.c8
  [key 2/2] rate-limited, rotating
[hierarchical] num_003.c8
  [key 2/2] rate-limited, rotating
  [key 2/2] rate-limited, rotating
  [key 2/2] rate-limited, rotating
  [key 2/2] rate-limited, rotating
  [key 2/2] rate-limited, rotating
  [key 2/2] rate-limited, rotating
  [key 2/2] rate-limited, rotating
  [key 2/2] rate-limited, rotating
  [key 2/2] rate-limited, rotating
  [key 2/2] rate-limited, rotating
  [key 2/2] rate-limited, rotating
  [key 2/2] rate-limited, rotating
  [key 2/2] rate-limited, rotating
  [key 2/2] rate-limited, rotating
  [key 2/2] rate-limited, rotating
  [key 2/2] rate-limited, rotating
  [key 2/2] rate-limited, rotating
  [key 2/2] rate-limited, rotating
  [key 2/2] rate-limited, rotating
  [key 2/2] rate-limited, rotating
  [key 2/2] rate-limited, rotating
  [key 2/2] rate-limited, rotating
  [key 2/2] rate-limited, rotating
  [key 2/2] rate-limited, rotating
  [key 2/2] rate-limited, rotating
  [key 2/2] rate-limited, rotating
  [key 2/2] rate-limited, rotating
  [key 2/2] rate-limited, rotating
  [key 2/2] rate-limited, rotating
  [key 2/2] rate-limited, rotating
  [key 2/2] rate-limited, rotating
  [key 2/2] rate-limited, rotating
  [key 2/2] rate-limited, rotating
  [key 2/2] rate-limited, rotating
  [key 2/2] rate-limited, rotating
  [key 2/2] rate-limited, rotating
[sliding] num_003.c20
  [key 2/2] rate-limited, rotating
[hierarchical] num_003.c20
  [key 2/2] rate-limited, rotating
  [key 2/2] rate-limited, rotating
  [key 2/2] rate-limited, rotating
  [key 2/2] rate-limited, rotating
  [key 2/2] rate-limited, rotating
  [key 2/2] rate-limited, rotating
  [key 2/2] rate-limited, rotating
  [key 2/2] rate-limited, rotating
  [key 2/2] rate-limited, rotating
  [key 2/2] rate-limited, rotating
  [key 2/2] rate-limited, rotating
  [key 2/2] rate-limited, rotating
  [key 2/2] rate-limited, rotating
  [key 2/2] rate-limited, rotating
  [key 2/2] rate-limited, rotating
  [key 2/2] rate-limited, rotating
  [key 2/2] rate-limited, rotating
  [key 2/2] rate-limited, rotating
  [key 2/2] rate-limited, rotating
  [key 2/2] rate-limited, rotating
  [key 2/2] rate-limited, rotating
  [key 2/2] rate-limited, rotating
  [key 2/2] rate-limited, rotating
  [key 2/2] rate-limited, rotating
  [key 2/2] rate-limited, rotating
  [key 2/2] rate-limited, rotating
  [key 2/2] rate-limited, rotating
  [key 2/2] rate-limited, rotating
  [key 2/2] rate-limited, rotating
  [key 2/2] rate-limited, rotating
  [key 2/2] rate-limited, rotating
  [key 2/2] rate-limited, rotating
[sliding] num_025.c0
[hierarchical] num_025.c0
  [key 2/2] rate-limited, rotating
  [key 2/2] rate-limited, rotating
  [key 2/2] rate-limited, rotating
  [key 2/2] rate-limited, rotating
  [key 2/2] rate-limited, rotating
  [key 2/2] rate-limited, rotating
  [key 2/2] rate-limited, rotating
  [key 2/2] rate-limited, rotating
  [key 2/2] rate-limited, rotating
  [key 2/2] rate-limited, rotating
  [key 2/2] rate-limited, rotating
  [key 2/2] rate-limited, rotating
  [key 2/2] rate-limited, rotating
  [key 2/2] rate-limited, rotating
  [key 2/2] rate-limited, rotating
  [key 2/2] rate-limited, rotating
  [key 2/2] rate-limited, rotating
  [key 2/2] rate-limited, rotating
  [key 2/2] rate-limited, rotating
  [key 2/2] rate-limited, rotating
  [key 2/2] rate-limited, rotating
  [key 2/2] rate-limited, rotating
  [key 2/2] rate-limited, rotating
  [key 2/2] rate-limited, rotating
  [key 2/2] rate-limited, rotating
  [key 2/2] rate-limited, rotating
  [key 2/2] rate-limited, rotating
  [key 2/2] rate-limited, rotating
[sliding] num_025.c8
  [key 2/2] rate-limited, rotating
[hierarchical] num_025.c8
  [key 2/2] rate-limited, rotating
  [key 2/2] rate-limited, rotating
  [key 2/2] rate-limited, rotating
  [key 2/2] rate-limited, rotating
  [key 2/2] rate-limited, rotating
  [key 2/2] rate-limited, rotating
  [key 2/2] rate-limited, rotating
  [key 2/2] rate-limited, rotating
  [key 2/2] rate-limited, rotating
  [key 2/2] rate-limited, rotating
  [key 2/2] rate-limited, rotating
  [key 2/2] rate-limited, rotating
  [key 2/2] rate-limited, rotating
  [key 2/2] rate-limited, rotating
  [key 2/2] rate-limited, rotating
  [key 2/2] rate-limited, rotating
  [key 2/2] rate-limited, rotating
  [key 2/2] rate-limited, rotating
  [key 2/2] rate-limited, rotating
  [key 2/2] rate-limited, rotating
  [key 2/2] rate-limited, rotating
  [key 2/2] rate-limited, rotating
  [key 2/2] rate-limited, rotating
  [key 2/2] rate-limited, rotating
  [key 2/2] rate-limited, rotating
  [key 2/2] rate-limited, rotating
  [key 2/2] rate-limited, rotating
  [key 2/2] rate-limited, rotating
[sliding] num_025.c20
  [key 2/2] rate-limited, rotating
[hierarchical] num_025.c20
  [key 2/2] rate-limited, rotating
  [key 2/2] rate-limited, rotating
  [key 2/2] rate-limited, rotating
  [key 2/2] rate-limited, rotating
  [key 2/2] rate-limited, rotating
  [key 2/2] rate-limited, rotating
  [key 2/2] rate-limited, rotating
  [key 2/2] rate-limited, rotating
  [key 2/2] rate-limited, rotating
  [key 2/2] rate-limited, rotating
  [key 2/2] rate-limited, rotating
  [key 2/2] rate-limited, rotating
  [key 2/2] rate-limited, rotating
  [key 2/2] rate-limited, rotating
  [key 2/2] rate-limited, rotating
  [key 2/2] rate-limited, rotating
  [key 2/2] rate-limited, rotating
  [key 2/2] rate-limited, rotating
  [key 2/2] rate-limited, rotating
  [key 2/2] rate-limited, rotating
  [key 2/2] rate-limited, rotating
  [key 2/2] rate-limited, rotating
  [key 2/2] rate-limited, rotating
  [key 2/2] rate-limited, rotating
  [key 2/2] rate-limited, rotating
  [key 2/2] rate-limited, rotating
  [key 2/2] rate-limited, rotating
  [key 2/2] rate-limited, rotating
  [key 2/2] rate-limited, rotating
  [key 2/2] rate-limited, rotating
  [key 2/2] rate-limited, rotating
  [key 2/2] rate-limited, rotating
  [key 2/2] rate-limited, rotating
done=55 skipped=17
